[0m[INFO] [1789913812.288188998]: Subscribing to /Odometry[0m
[0m[INFO] [1789913812.302657991]: Subscribing to /clock[0m
[0m[INFO] [1789913812.308970985]: Subscribing to /detect/point_class[0m
[0m[INFO] [1789913812.314472871]: Subscribing to /fastplanner/goal[0m
[0m[INFO] [1789913812.324923072]: Subscribing to /fastplanner/setpoint_position/local[0m
[0m[INFO] [1789913812.332512665]: Subscribing to /mavros/extended_state[0m
[0m[INFO] [1789913812.338952824]: Subscribing to /mavros/local_position/odom[0m
[0m[INFO] [1789913812.348943951]: Subscribing to /mavros/local_position/pose[0m
[0m[INFO] [1789913812.357440609]: Subscribing to /mavros/setpoint_position/local[0m
[0m[INFO] [1789913812.363254864]: Subscribing to /mavros/setpoint_raw/target_local[0m
[0m[INFO] [1789913812.370370800]: Subscribing to /mavros/state[0m
[0m[INFO] [1789913812.374687961]: Subscribing to /mavros/statustext/recv[0m
[0m[INFO] [1789913812.379519319]: Subscribing to /mavros/vision_pose/pose[0m
[0m[INFO] [1789913812.383576027]: Subscribing to /mission/command[0m
[0m[INFO] [1789913812.387613194]: Subscribing to /mission/control_ready[0m
[0m[INFO] [1789913812.391225411]: Subscribing to /navigation/local_odom[0m
[0m[INFO] [1789913812.395348617]: Subscribing to /navigation/local_pose[0m
[0m[INFO] [1789913812.398173350]: Subscribing to /navigation/mission_command_raw[0m
[0m[INFO] [1789913812.401325035]: Subscribing to /navigation/mission_result[0m
[0m[INFO] [1789913812.403739694]: Subscribing to /navigation/mission_status[0m
[0m[INFO] [1789913812.405869400]: Subscribing to /navigation/planner_bridge_status[0m
[0m[INFO] [1789913812.408113437]: Subscribing to /navigation/setpoint_mission[0m
[0m[INFO] [1789913812.410224476]: Subscribing to /planning/bspline[0m
[0m[INFO] [1789913812.412781174]: Subscribing to /planning/goal_status[0m
[0m[INFO] [1789913812.415638573]: Subscribing to /planning/new[0m
[0m[INFO] [1789913812.419149000]: Subscribing to /planning/pos_cmd[0m
[0m[INFO] [1789913812.422679261]: Subscribing to /planning/replan[0m
[0m[INFO] [1789913812.427287499]: Subscribing to /rosout_agg[0m
[0m[INFO] [1789913812.430683304]: Subscribing to /tf[0m
[0m[INFO] [1789913812.441920405]: Subscribing to /tf_static[0m
[0m[INFO] [1789913812.445947072]: Subscribing to /uav_vision/align_mode[0m
[0m[INFO] [1789913812.451146214]: Recording to '/home/orangepi/liftrace_r64_onboard_405bda42/logs/corridor_diag_20260920_221651_tYdIKR/navigation_0.bag'.[0m
