[0m[INFO] [1789917118.646971907]: Subscribing to /Odometry[0m
[0m[INFO] [1789917118.655836959]: Subscribing to /clock[0m
[0m[INFO] [1789917118.662080557]: Subscribing to /detect/point_class[0m
[0m[INFO] [1789917118.670988192]: Subscribing to /fastplanner/goal[0m
[0m[INFO] [1789917118.676472595]: Subscribing to /fastplanner/setpoint_position/local[0m
[0m[INFO] [1789917118.683260725]: Subscribing to /mavros/extended_state[0m
[0m[INFO] [1789917118.686534626]: Subscribing to /mavros/local_position/odom[0m
[0m[INFO] [1789917118.688802294]: Subscribing to /mavros/local_position/pose[0m
[0m[INFO] [1789917118.691266834]: Subscribing to /mavros/setpoint_position/local[0m
[0m[INFO] [1789917118.694765023]: Subscribing to /mavros/setpoint_raw/target_local[0m
[0m[INFO] [1789917118.699612437]: Subscribing to /mavros/state[0m
[0m[INFO] [1789917118.704308479]: Subscribing to /mavros/statustext/recv[0m
[0m[INFO] [1789917118.708218494]: Subscribing to /mavros/vision_pose/pose[0m
[0m[INFO] [1789917118.712170216]: Subscribing to /mission/command[0m
[0m[INFO] [1789917118.716580138]: Subscribing to /mission/control_ready[0m
[0m[INFO] [1789917118.719756624]: Subscribing to /navigation/local_odom[0m
[0m[INFO] [1789917118.723060274]: Subscribing to /navigation/local_pose[0m
[0m[INFO] [1789917118.726295092]: Subscribing to /navigation/mission_command_raw[0m
[0m[INFO] [1789917118.729578034]: Subscribing to /navigation/mission_result[0m
[0m[INFO] [1789917118.733095472]: Subscribing to /navigation/mission_status[0m
[0m[INFO] [1789917118.737847513]: Subscribing to /navigation/planner_bridge_status[0m
[0m[INFO] [1789917118.741683737]: Subscribing to /navigation/setpoint_mission[0m
[0m[INFO] [1789917118.748265079]: Subscribing to /planning/bspline[0m
[0m[INFO] [1789917118.751777851]: Subscribing to /planning/goal_status[0m
[0m[INFO] [1789917118.755004502]: Subscribing to /planning/new[0m
[0m[INFO] [1789917118.758363860]: Subscribing to /planning/pos_cmd[0m
[0m[INFO] [1789917118.761786799]: Subscribing to /planning/replan[0m
[0m[INFO] [1789917118.764775747]: Subscribing to /rosout_agg[0m
[0m[INFO] [1789917118.767635780]: Subscribing to /tf[0m
[0m[INFO] [1789917118.773148766]: Subscribing to /tf_static[0m
[0m[INFO] [1789917118.778398090]: Subscribing to /uav_vision/align_mode[0m
[0m[INFO] [1789917118.782085858]: Recording to '/home/orangepi/liftrace_r64_onboard_405bda42/logs/corridor_diag_20260920_231157_MAMagv/navigation_0.bag'.[0m
